Microchip MPLAB XC8 Compiler V2.35

Linker command line:

-W-3 --edf=C:\Program Files\Microchip\xc8\v2.35\pic\dat\en_msgs.txt -cn \
  -h+dist/default/production\AT42QT2120MK1v1.1.X.production.sym \
  --cmf=dist/default/production\AT42QT2120MK1v1.1.X.production.cmf -z \
  -Q18F46K20 -oC:\Users\Torben\AppData\Local\Temp\xcAsn98.4 \
  --defsym=__MPLAB_BUILD=1 \
  -Mdist/default/production/AT42QT2120MK1v1.1.X.production.map \
  --md=C:\Users\Torben\AppData\Local\Temp\xcAsn98.dat -E1 -ver=XC8 Compiler \
  --acfsm=1493 -ACODE=00h-0FFFFh -ACONST=00h-0FFFFh \
  -ASMALLCONST=01000h-010FFhx240 -AMEDIUMCONST=01000h-0FFFFh \
  -ACOMRAM=01h-05Fh -AABS1=00h-0F5Fh -ABIGRAM=01h-0F5Fh \
  -ARAM=060h-0FFh,0100h-01FFhx14,0F00h-0F5Fh -ABANK0=060h-0FFh \
  -ABANK1=0100h-01FFh -ABANK2=0200h-02FFh -ABANK3=0300h-03FFh \
  -ABANK4=0400h-04FFh -ABANK5=0500h-05FFh -ABANK6=0600h-06FFh \
  -ABANK7=0700h-07FFh -ABANK8=0800h-08FFh -ABANK9=0900h-09FFh \
  -ABANK10=0A00h-0AFFh -ABANK11=0B00h-0BFFh -ABANK12=0C00h-0CFFh \
  -ABANK13=0D00h-0DFFh -ABANK14=0E00h-0EFFh -ABANK15=0F00h-0F5Fh \
  -ASFR=0F60h-0FFFh -ABIGSFR=0F60h-0FFFh -ACONFIG=0300000h-030000Dh \
  -AIDLOC=0200000h-0200007h -AEEDATA=0F00000h-0F003FFh -peeprom_data=EEDATA \
  -preset_vec=00h,intcode=08h,intcodelo,powerup,init -pramtop=01000h \
  -psmallconst=SMALLCONST -pmediumconst=MEDIUMCONST -pconst=CONST \
  -AFARRAM=00h-00h \
  -prdata=COMRAM,nvrram=COMRAM,nvbit=COMRAM,rbss=COMRAM,rbit=COMRAM \
  -pfarbss=FARRAM,fardata=FARRAM,nvFARRAM=FARRAM \
  -pintsave_regs=BIGRAM,bigbss=BIGRAM,bigdata=BIGRAM -pbss=RAM \
  -pidata=CODE,irdata=CODE,ibigdata=CODE,ifardata=CODE -prparam=COMRAM \
  C:\Users\Torben\AppData\Local\Temp\xcAsn98.o \
  dist/default/production\AT42QT2120MK1v1.1.X.production.o 

Object code version is 3.11

Machine type is 18F46K20



                Name                               Link     Load   Length Selector   Space Scale
C:\Users\Torben\AppData\Local\Temp\xcAsn98.o
                idloc                            200000   200000        8        0       5
                config                           300000   300000        E        0       4
                init                                 B0       B0        4        4       0
                reset_vec                             0        0        4        0       0
dist/default/production\AT42QT2120MK1v1.1.X.production.o
                intcode                               8        8       A8        4       0
                idloc                            200000   200000        8        0       5
                config                           300000   300000        E        0       4
                temp                                 5B       5B        1        1       1
                smallconst                         1000     1000       30      800       0
                text84                             22CC     22CC       2A      818       0
                text83                             251A     251A        6      818       0
                text82                             2550     2550        2      818       0
                text81                             2514     2514        6      818       0
                text80                             1946     1946       BC      818       0
                text79                             209A     209A       42      818       0
                text77                             254C     254C        4      818       0
                text76                             2548     2548        4      818       0
                text75                             2544     2544        4      818       0
                text74                             22A0     22A0       2C      818       0
                text73                             2540     2540        4      818       0
                text72                             253C     253C        4      818       0
                text71                             2538     2538        4      818       0
                text70                             231E     231E       24      818       0
                text69                             1C48     1C48       7A      818       0
                text68                             23BA     23BA       18      818       0
                text67                             2274     2274       2C      818       0
                text66                             2248     2248       2C      818       0
                text65                             221C     221C       2C      818       0
                text64                             21F0     21F0       2C      818       0
                text63                             211C     211C       40      818       0
                text62                             2534     2534        4      818       0
                text61                             2530     2530        4      818       0
                text60                             252C     252C        4      818       0
                text59                             250E     250E        6      818       0
                text58                             2528     2528        4      818       0
                text57                             2508     2508        6      818       0
                text56                             24FA     24FA        8      818       0
                text55                             23FC     23FC       14      818       0
                text54                             2524     2524        4      818       0
                text53                             1BCC     1BCC       7C      818       0
                text52                             2468     2468        C      818       0
                text51                             2440     2440       10      818       0
                text50                             2430     2430       10      818       0
                text49                             1882     1882       C4      818       0
                text48                             1A02     1A02       A6      818       0
                text47                             245C     245C        C      818       0
                text46                             24F2     24F2        8      818       0
                text45                             24EA     24EA        8      818       0
                text44                             24E2     24E2        8      818       0
                text43                             24DA     24DA        8      818       0
                text42                             24D2     24D2        8      818       0
                text41                             24CA     24CA        8      818       0
                text40                             24C2     24C2        8      818       0
                text39                             2450     2450        C      818       0
                text38                             1EF0     1EF0       66      818       0
                text37                             1DAC     1DAC       70      818       0
                text36                             2420     2420       10      818       0
                text35                             2384     2384       1E      818       0
                text34                             2056     2056       44      818       0
                text33                             24BA     24BA        8      818       0
                text32                             2342     2342       22      818       0
                text31                             1B3E     1B3E       8E      818       0
                text30                             23A2     23A2       18      818       0
                text29                             1E1C     1E1C       6E      818       0
                text28                             2410     2410       10      818       0
                text27                             2502     2502        6      818       0
                text26                             1D38     1D38       74      818       0
                text25                             21C2     21C2       2E      818       0
                text24                             24B0     24B0        A      818       0
                text23                             24A6     24A6        A      818       0
                text22                             249C     249C        A      818       0
                text21                             2492     2492        A      818       0
                text20                             2488     2488        A      818       0
                text19                             1CC2     1CC2       76      818       0
                text18                             23E8     23E8       14      818       0
                text17                             2520     2520        4      818       0
                text16                             247E     247E        A      818       0
                text15                             2192     2192       30      818       0
                text14                             23D2     23D2       16      818       0
                text13                             14D0     14D0      188      818       0
                text12                             1658     1658      164      818       0
                text11                             20DC     20DC       40      818       0
                text10                             1FBA     1FBA       58      818       0
                text9                              2474     2474        A      818       0
                text8                              1AA8     1AA8       96      818       0
                text7                              2012     2012       44      818       0
                text6                              215C     215C       36      818       0
                text5                              17BC     17BC       C6      818       0
                text4                              1030     1030      2E2      818       0
                text3                              1312     1312      1BE      818       0
                text2                              1F56     1F56       64      818       0
                text1                              22F6     22F6       28      818       0
                text0                              1E8A     1E8A       66      818       0
                cstackCOMRAM                          1        1       55        1       1
                cstackBANK0                          D3       D3       10       60       1
                bssBANK0                             60       60       73       60       1
                bssCOMRAM                            56       56        5        1       1
                cinit                              2364     2364       20      818       0
                nvBANK0                              E3       E3        B       60       1

TOTAL           Name                               Link     Load   Length     Space
        CLASS   CODE           
                intcode                               8        8       A8         0
                init                                 B0       B0        4         0
                reset_vec                             0        0        4         0
                text84                             22CC     22CC       2A         0
                text83                             251A     251A        6         0
                text82                             2550     2550        2         0
                text81                             2514     2514        6         0
                text80                             1946     1946       BC         0
                text79                             209A     209A       42         0
                text77                             254C     254C        4         0
                text76                             2548     2548        4         0
                text75                             2544     2544        4         0
                text74                             22A0     22A0       2C         0
                text73                             2540     2540        4         0
                text72                             253C     253C        4         0
                text71                             2538     2538        4         0
                text70                             231E     231E       24         0
                text69                             1C48     1C48       7A         0
                text68                             23BA     23BA       18         0
                text67                             2274     2274       2C         0
                text66                             2248     2248       2C         0
                text65                             221C     221C       2C         0
                text64                             21F0     21F0       2C         0
                text63                             211C     211C       40         0
                text62                             2534     2534        4         0
                text61                             2530     2530        4         0
                text60                             252C     252C        4         0
                text59                             250E     250E        6         0
                text58                             2528     2528        4         0
                text57                             2508     2508        6         0
                text56                             24FA     24FA        8         0
                text55                             23FC     23FC       14         0
                text54                             2524     2524        4         0
                text53                             1BCC     1BCC       7C         0
                text52                             2468     2468        C         0
                text51                             2440     2440       10         0
                text50                             2430     2430       10         0
                text49                             1882     1882       C4         0
                text48                             1A02     1A02       A6         0
                text47                             245C     245C        C         0
                text46                             24F2     24F2        8         0
                text45                             24EA     24EA        8         0
                text44                             24E2     24E2        8         0
                text43                             24DA     24DA        8         0
                text42                             24D2     24D2        8         0
                text41                             24CA     24CA        8         0
                text40                             24C2     24C2        8         0
                text39                             2450     2450        C         0
                text38                             1EF0     1EF0       66         0
                text37                             1DAC     1DAC       70         0
                text36                             2420     2420       10         0
                text35                             2384     2384       1E         0
                text34                             2056     2056       44         0
                text33                             24BA     24BA        8         0
                text32                             2342     2342       22         0
                text31                             1B3E     1B3E       8E         0
                text30                             23A2     23A2       18         0
                text29                             1E1C     1E1C       6E         0
                text28                             2410     2410       10         0
                text27                             2502     2502        6         0
                text26                             1D38     1D38       74         0
                text25                             21C2     21C2       2E         0
                text24                             24B0     24B0        A         0
                text23                             24A6     24A6        A         0
                text22                             249C     249C        A         0
                text21                             2492     2492        A         0
                text20                             2488     2488        A         0
                text19                             1CC2     1CC2       76         0
                text18                             23E8     23E8       14         0
                text17                             2520     2520        4         0
                text16                             247E     247E        A         0
                text15                             2192     2192       30         0
                text14                             23D2     23D2       16         0
                text13                             14D0     14D0      188         0
                text12                             1658     1658      164         0
                text11                             20DC     20DC       40         0
                text10                             1FBA     1FBA       58         0
                text9                              2474     2474        A         0
                text8                              1AA8     1AA8       96         0
                text7                              2012     2012       44         0
                text6                              215C     215C       36         0
                text5                              17BC     17BC       C6         0
                text4                              1030     1030      2E2         0
                text3                              1312     1312      1BE         0
                text2                              1F56     1F56       64         0
                text1                              22F6     22F6       28         0
                text0                              1E8A     1E8A       66         0
                cinit                              2364     2364       20         0

        CLASS   CONST          

        CLASS   SMALLCONST     
                smallconst                         1000     1000       30         0

        CLASS   MEDIUMCONST    

        CLASS   COMRAM         
                temp                                 5B       5B        1         1
                cstackCOMRAM                          1        1       55         1
                bssCOMRAM                            56       56        5         1

        CLASS   ABS1           

        CLASS   BIGRAM         

        CLASS   RAM            

        CLASS   BANK0          
                cstackBANK0                          D3       D3       10         1
                bssBANK0                             60       60       73         1
                nvBANK0                              E3       E3        B         1

        CLASS   BANK1          

        CLASS   BANK2          

        CLASS   BANK3          

        CLASS   BANK4          

        CLASS   BANK5          

        CLASS   BANK6          

        CLASS   BANK7          

        CLASS   BANK8          

        CLASS   BANK9          

        CLASS   BANK10         

        CLASS   BANK11         

        CLASS   BANK12         

        CLASS   BANK13         

        CLASS   BANK14         

        CLASS   BANK15         

        CLASS   SFR            

        CLASS   BIGSFR         

        CLASS   CONFIG         
                config                           300000   300000        E         4

        CLASS   IDLOC          
                idloc                            200000   200000        8         5

        CLASS   EEDATA         

        CLASS   FARRAM         

        CLASS   HEAP           

        CLASS   STACK          



SEGMENTS        Name                           Load    Length   Top    Selector   Space  Class

                reset_vec                      000000  000004  000004         0       0  CODE    
                cstackCOMRAM                   000001  00005B  00005C         1       1  COMRAM  
                intcode                        000008  0000AC  0000B4         4       0  CODE    
                bssBANK0                       000060  00008E  0000EE        60       1  BANK0   
                smallconst                     001000  000030  001030       800       0  SMALLCON
                text4                          001030  001522  002552       818       0  CODE    


UNUSED ADDRESS RANGES

        Name                Unused          Largest block    Delta
        BANK0            0000EE-0000FF               12
        BANK1            000100-0001FF              100
        BANK10           000A00-000AFF              100
        BANK11           000B00-000BFF              100
        BANK12           000C00-000CFF              100
        BANK13           000D00-000DFF              100
        BANK14           000E00-000EFF              100
        BANK15           000F00-000F5F               60
        BANK2            000200-0002FF              100
        BANK3            000300-0003FF              100
        BANK4            000400-0004FF              100
        BANK5            000500-0005FF              100
        BANK6            000600-0006FF              100
        BANK7            000700-0007FF              100
        BANK8            000800-0008FF              100
        BANK9            000900-0009FF              100
        BIGRAM           00005C-00005F                4
                         0000EE-000F5F              E72
        BIGSFR           000F60-000FFF               A0
        CODE             000004-000007                4
                         0000B4-000FFF              F4C
                         002552-00FFFF             DAAE
        COMRAM           00005C-00005F                4
        CONST            000004-000007                4
                         0000B4-000FFF              F4C
                         002552-00FFFF             DAAE
        EEDATA           F00000-F003FF              400
        MEDIUMCONST      002552-00FFFF             DAAE
        RAM              0000EE-000F5F              100
        SFR              000F60-000FFF               A0
        SMALLCONST       002552-00FFFF              100

                                  Symbol Table

?___aodiv                                      cstackCOMRAM 000005
?___aomod                                      cstackCOMRAM 000005
?_abs                                          cstackCOMRAM 000017
?_dtoa                                         cstackCOMRAM 000022
?_pad                                          cstackCOMRAM 000017
?_printf                                       cstackBANK0  0000DB
?_strlen                                       cstackCOMRAM 000005
?_vfpfcnvrt                                    cstackCOMRAM 000046
?_vfprintf                                     cstackBANK0  0000D3
EUSART_SetErrorHandler@interruptHandler        cstackCOMRAM 000005
EUSART_SetFramingErrorHandler@interruptHandler cstackCOMRAM 000005
EUSART_SetOverrunErrorHandler@interruptHandler cstackCOMRAM 000005
EUSART_SetRxInterruptHandler@interruptHandler  cstackCOMRAM 000005
EUSART_SetTxInterruptHandler@interruptHandler  cstackCOMRAM 000005
EUSART_Write@txData                            cstackCOMRAM 000005
I2C_CallbackReturnReset@funPtr                 cstackCOMRAM 00000E
I2C_Close@returnValue                          cstackCOMRAM 000005
I2C_MasterOperation@read                       cstackCOMRAM 000014
I2C_MasterOperation@returnValue                cstackCOMRAM 000015
I2C_MasterSendTxData@data                      cstackCOMRAM 000005
I2C_Open@address                               cstackCOMRAM 000005
I2C_Open@returnValue                           cstackCOMRAM 000006
I2C_Read1ByteRegister@address                  cstackCOMRAM 000017
I2C_Read1ByteRegister@reg                      cstackCOMRAM 000016
I2C_Read1ByteRegister@returnValue              cstackCOMRAM 000018
I2C_SetAddressNackCallback@cb                  cstackCOMRAM 00000A
I2C_SetAddressNackCallback@ptr                 cstackCOMRAM 00000C
I2C_SetBuffer@buffer                           cstackCOMRAM 000005
I2C_SetBuffer@bufferSize                       cstackCOMRAM 000007
I2C_SetCallback@cb                             cstackCOMRAM 000005
I2C_SetCallback@idx                            cstackCOMRAM 000009
I2C_SetCallback@ptr                            cstackCOMRAM 000007
I2C_SetDataCompleteCallback@cb                 cstackCOMRAM 00000A
I2C_SetDataCompleteCallback@ptr                cstackCOMRAM 00000C
I2C_Write1ByteRegister@address                 cstackCOMRAM 000018
I2C_Write1ByteRegister@data                    cstackCOMRAM 000017
I2C_Write1ByteRegister@reg                     cstackCOMRAM 000016
_ANSEL                                         (abs)        000F7E
_ANSELH                                        (abs)        000F7F
_AT42QT2120_Init                               text27       002502
_AT42QT2120_enableSlider                       text28       002410
_AT42QT2120_sliderPosition                     text25       0021C2
_BAUDCON                                       (abs)        000FB8
_EUSART_DefaultErrorHandler                    text83       00251A
_EUSART_DefaultFramingErrorHandler             text82       002550
_EUSART_DefaultOverrunErrorHandler             text81       002514
_EUSART_ErrorHandler                           nvBANK0      0000E3
_EUSART_FramingErrorHandler                    nvBANK0      0000E7
_EUSART_Initialize                             text19       001CC2
_EUSART_OverrunErrorHandler                    nvBANK0      0000E5
_EUSART_Receive_ISR                            text80       001946
_EUSART_RxDataHandler                          text84       0022CC
_EUSART_RxDefaultInterruptHandler              nvBANK0      0000E9
_EUSART_SetErrorHandler                        text24       0024B0
_EUSART_SetFramingErrorHandler                 text23       0024A6
_EUSART_SetOverrunErrorHandler                 text22       00249C
_EUSART_SetRxInterruptHandler                  text21       002492
_EUSART_SetTxInterruptHandler                  text20       002488
_EUSART_Transmit_ISR                           text79       00209A
_EUSART_TxDefaultInterruptHandler              nvBANK0      0000EB
_EUSART_Write                                  text10       001FBA
_I2C_CallbackReturnReset                       text61       002530
_I2C_CallbackReturnStop                        text62       002534
_I2C_Close                                     text74       0022A0
_I2C_DO_ADDRESS_NACK                           text38       001EF0
_I2C_DO_IDLE                                   text52       002468
_I2C_DO_RCEN                                   text47       00245C
_I2C_DO_RESET                                  text39       002450
_I2C_DO_RX                                     text48       001A02
_I2C_DO_RX_ACK                                 text42       0024D2
_I2C_DO_RX_NACK_RESTART                        text40       0024C2
_I2C_DO_RX_NACK_STOP                           text41       0024CA
_I2C_DO_SEND_ADR_READ                          text51       002440
_I2C_DO_SEND_ADR_WRITE                         text50       002430
_I2C_DO_SEND_RESTART                           text44       0024E2
_I2C_DO_SEND_RESTART_READ                      text46       0024F2
_I2C_DO_SEND_RESTART_WRITE                     text45       0024EA
_I2C_DO_SEND_STOP                              text43       0024DA
_I2C_DO_TX                                     text49       001882
_I2C_DO_TX_EMPTY                               text53       001BCC
_I2C_Initialize                                text18       0023E8
_I2C_MasterClearIrq                            text77       00254C
_I2C_MasterClose                               text76       002548
_I2C_MasterDisableIrq                          text75       002544
_I2C_MasterEnableRestart                       text72       00253C
_I2C_MasterFsm                                 text37       001DAC
_I2C_MasterGetRxData                           text58       002528
_I2C_MasterIsNack                              text55       0023FC
_I2C_MasterOpen                                text32       002342
_I2C_MasterOperation                           text34       002056
_I2C_MasterSendAck                             text57       002508
_I2C_MasterSendNack                            text59       00250E
_I2C_MasterSendTxData                          text56       0024FA
_I2C_MasterSetIrq                              text54       002524
_I2C_MasterStart                               text73       002540
_I2C_MasterStartRx                             text60       00252C
_I2C_MasterStop                                text71       002538
_I2C_MasterWaitForEvent                        text36       002420
_I2C_MasterWrite                               text33       0024BA
_I2C_Open                                      text31       001B3E
_I2C_Poller                                    text35       002384
_I2C_Read1ByteRegister                         text26       001D38
_I2C_SetAddressNackCallback                    text30       0023A2
_I2C_SetBuffer                                 text70       00231E
_I2C_SetCallback                               text69       001C48
_I2C_SetDataCompleteCallback                   text68       0023BA
_I2C_Status                                    bssBANK0     000060
_I2C_Write1ByteRegister                        text29       001E1C
_INTCON2bits                                   (abs)        000FF1
_INTCONbits                                    (abs)        000FF2
_INTERRUPT_Initialize                          text17       002520
_INTERRUPT_InterruptManager                    intcode      000008
_LATA                                          (abs)        000F89
_LATB                                          (abs)        000F8A
_LATC                                          (abs)        000F8B
_LATD                                          (abs)        000F8C
_LATE                                          (abs)        000F8D
_OSCCON                                        (abs)        000FD3
_OSCILLATOR_Initialize                         text16       00247E
_OSCTUNE                                       (abs)        000F9B
_PIE1bits                                      (abs)        000F9D
_PIN_MANAGER_Initialize                        text15       002192
_PIR1bits                                      (abs)        000F9E
_PIR2bits                                      (abs)        000FA1
_RCONbits                                      (abs)        000FD0
_RCREG                                         (abs)        000FAE
_RCSTA                                         (abs)        000FAB
_RCSTAbits                                     (abs)        000FAB
_SPBRG                                         (abs)        000FAF
_SPBRGH                                        (abs)        000FB0
_SSPADD                                        (abs)        000FC8
_SSPBUF                                        (abs)        000FC9
_SSPCON1                                       (abs)        000FC6
_SSPCON1bits                                   (abs)        000FC6
_SSPCON2                                       (abs)        000FC5
_SSPCON2bits                                   (abs)        000FC5
_SSPSTAT                                       (abs)        000FC7
_SSPSTATbits                                   (abs)        000FC7
_SYSTEM_Initialize                             text14       0023D2
_Slider_pos                                    bssBANK0     0000B1
_TRISA                                         (abs)        000F92
_TRISB                                         (abs)        000F93
_TRISC                                         (abs)        000F94
_TRISD                                         (abs)        000F95
_TRISE                                         (abs)        000F96
_TXREG                                         (abs)        000FAD
_TXSTA                                         (abs)        000FAC
_TXSTAbits                                     (abs)        000FAC
_WPUB                                          (abs)        000F7C
__HRAM                                         (abs)        000000
__Habs1                                        abs1         000000
__Hbank0                                       bank0        000000
__Hbank1                                       bank1        000000
__Hbank10                                      bank10       000000
__Hbank11                                      bank11       000000
__Hbank12                                      bank12       000000
__Hbank13                                      bank13       000000
__Hbank14                                      bank14       000000
__Hbank15                                      bank15       000000
__Hbank2                                       bank2        000000
__Hbank3                                       bank3        000000
__Hbank4                                       bank4        000000
__Hbank5                                       bank5        000000
__Hbank6                                       bank6        000000
__Hbank7                                       bank7        000000
__Hbank8                                       bank8        000000
__Hbank9                                       bank9        000000
__Hbigbss                                      bigbss       000000
__Hbigdata                                     bigdata      000000
__Hbigram                                      bigram       000000
__Hbigsfr                                      bigsfr       000000
__Hbss                                         bss          000000
__HbssBANK0                                    bssBANK0     000000
__HbssCOMRAM                                   bssCOMRAM    000000
__Hcinit                                       cinit        000000
__Hclrtext                                     clrtext      000000
__Hcomram                                      comram       000000
__Hconfig                                      config       30000E
__Hconst                                       const        000000
__HcstackBANK0                                 cstackBANK0  000000
__HcstackCOMRAM                                cstackCOMRAM 000000
__Hdata                                        data         000000
__Heeprom_data                                 eeprom_data  000000
__Hfarbss                                      farbss       000000
__Hfardata                                     fardata      000000
__Hheap                                        heap         000000
__Hibigdata                                    ibigdata     000000
__Hidata                                       idata        000000
__Hidloc                                       idloc        200008
__Hifardata                                    ifardata     000000
__Hinit                                        init         0000B4
__Hintcode                                     intcode      0000B0
__Hintcode_body                                intcode_body 000000
__Hintcodelo                                   intcodelo    0000B0
__Hintentry                                    intentry     000000
__Hintret                                      intret       000000
__Hintsave_regs                                intsave_regs 000000
__Hirdata                                      irdata       000000
__Hmediumconst                                 mediumconst  000000
__HnvBANK0                                     nvBANK0      000000
__HnvFARRAM                                    nvFARRAM     000000
__Hnvbit                                       nvbit        000000
__Hnvrram                                      nvrram       000000
__Hparam                                       rparam       000000
__Hpowerup                                     powerup      0000B0
__Hram                                         ram          000000
__Hramtop                                      ramtop       001000
__Hrbit                                        rbit         000000
__Hrbss                                        rbss         000000
__Hrdata                                       rdata        000000
__Hreset_vec                                   reset_vec    000004
__Hrparam                                      rparam       000000
__Hsfr                                         sfr          000000
__Hsmallconst                                  smallconst   001030
__Hspace_0                                     (abs)        002552
__Hspace_1                                     (abs)        0000EE
__Hspace_2                                     (abs)        000000
__Hspace_4                                     (abs)        60000E
__Hstack                                       stack        000000
__Hstruct                                      struct       000000
__Htemp                                        temp         00005C
__Htext                                        text         000000
__Htext0                                       text0        000000
__Htext1                                       text1        000000
__Htext10                                      text10       000000
__Htext11                                      text11       000000
__Htext12                                      text12       000000
__Htext13                                      text13       000000
__Htext14                                      text14       000000
__Htext15                                      text15       000000
__Htext16                                      text16       000000
__Htext17                                      text17       000000
__Htext18                                      text18       000000
__Htext19                                      text19       000000
__Htext2                                       text2        000000
__Htext20                                      text20       000000
__Htext21                                      text21       000000
__Htext22                                      text22       000000
__Htext23                                      text23       000000
__Htext24                                      text24       000000
__Htext25                                      text25       000000
__Htext26                                      text26       000000
__Htext27                                      text27       000000
__Htext28                                      text28       000000
__Htext29                                      text29       000000
__Htext3                                       text3        000000
__Htext30                                      text30       000000
__Htext31                                      text31       000000
__Htext32                                      text32       000000
__Htext33                                      text33       000000
__Htext34                                      text34       000000
__Htext35                                      text35       000000
__Htext36                                      text36       000000
__Htext37                                      text37       000000
__Htext38                                      text38       000000
__Htext39                                      text39       000000
__Htext4                                       text4        000000
__Htext40                                      text40       000000
__Htext41                                      text41       000000
__Htext42                                      text42       000000
__Htext43                                      text43       000000
__Htext44                                      text44       000000
__Htext45                                      text45       000000
__Htext46                                      text46       000000
__Htext47                                      text47       000000
__Htext48                                      text48       000000
__Htext49                                      text49       000000
__Htext5                                       text5        000000
__Htext50                                      text50       000000
__Htext51                                      text51       000000
__Htext52                                      text52       000000
__Htext53                                      text53       000000
__Htext54                                      text54       000000
__Htext55                                      text55       000000
__Htext56                                      text56       000000
__Htext57                                      text57       000000
__Htext58                                      text58       000000
__Htext59                                      text59       000000
__Htext6                                       text6        000000
__Htext60                                      text60       000000
__Htext61                                      text61       000000
__Htext62                                      text62       000000
__Htext63                                      text63       000000
__Htext64                                      text64       000000
__Htext65                                      text65       000000
__Htext66                                      text66       000000
__Htext67                                      text67       000000
__Htext68                                      text68       000000
__Htext69                                      text69       000000
__Htext7                                       text7        000000
__Htext70                                      text70       000000
__Htext71                                      text71       000000
__Htext72                                      text72       000000
__Htext73                                      text73       000000
__Htext74                                      text74       000000
__Htext75                                      text75       000000
__Htext76                                      text76       000000
__Htext77                                      text77       000000
__Htext79                                      text79       000000
__Htext8                                       text8        000000
__Htext80                                      text80       000000
__Htext81                                      text81       000000
__Htext82                                      text82       000000
__Htext83                                      text83       000000
__Htext84                                      text84       000000
__Htext85                                      text85       000000
__Htext9                                       text9        000000
__LRAM                                         (abs)        000001
__Labs1                                        abs1         000000
__Lbank0                                       bank0        000000
__Lbank1                                       bank1        000000
__Lbank10                                      bank10       000000
__Lbank11                                      bank11       000000
__Lbank12                                      bank12       000000
__Lbank13                                      bank13       000000
__Lbank14                                      bank14       000000
__Lbank15                                      bank15       000000
__Lbank2                                       bank2        000000
__Lbank3                                       bank3        000000
__Lbank4                                       bank4        000000
__Lbank5                                       bank5        000000
__Lbank6                                       bank6        000000
__Lbank7                                       bank7        000000
__Lbank8                                       bank8        000000
__Lbank9                                       bank9        000000
__Lbigbss                                      bigbss       000000
__Lbigdata                                     bigdata      000000
__Lbigram                                      bigram       000000
__Lbigsfr                                      bigsfr       000000
__Lbss                                         bss          000000
__LbssBANK0                                    bssBANK0     000000
__LbssCOMRAM                                   bssCOMRAM    000000
__Lcinit                                       cinit        000000
__Lclrtext                                     clrtext      000000
__Lcomram                                      comram       000000
__Lconfig                                      config       000000
__Lconst                                       const        000000
__LcstackBANK0                                 cstackBANK0  000000
__LcstackCOMRAM                                cstackCOMRAM 000000
__Ldata                                        data         000000
__Leeprom_data                                 eeprom_data  000000
__Lfarbss                                      farbss       000000
__Lfardata                                     fardata      000000
__Lheap                                        heap         000000
__Libigdata                                    ibigdata     000000
__Lidata                                       idata        000000
__Lidloc                                       idloc        000000
__Lifardata                                    ifardata     000000
__Linit                                        init         0000B0
__Lintcode                                     intcode      000008
__Lintcode_body                                intcode_body 000000
__Lintcodelo                                   intcodelo    0000B0
__Lintentry                                    intentry     000000
__Lintret                                      intret       000000
__Lintsave_regs                                intsave_regs 000000
__Lirdata                                      irdata       000000
__Lmediumconst                                 mediumconst  000000
__LnvBANK0                                     nvBANK0      000000
__LnvFARRAM                                    nvFARRAM     000000
__Lnvbit                                       nvbit        000000
__Lnvrram                                      nvrram       000000
__Lparam                                       rparam       000000
__Lpowerup                                     powerup      0000B0
__Lram                                         ram          000000
__Lramtop                                      ramtop       001000
__Lrbit                                        rbit         000000
__Lrbss                                        rbss         000000
__Lrdata                                       rdata        000000
__Lreset_vec                                   reset_vec    000000
__Lrparam                                      rparam       000000
__Lsfr                                         sfr          000000
__Lsmallconst                                  smallconst   001000
__Lspace_0                                     (abs)        000000
__Lspace_1                                     (abs)        000000
__Lspace_2                                     (abs)        000000
__Lspace_4                                     (abs)        000000
__Lstack                                       stack        000000
__Lstruct                                      struct       000000
__Ltemp                                        temp         00005B
__Ltext                                        text         000000
__Ltext0                                       text0        000000
__Ltext1                                       text1        000000
__Ltext10                                      text10       000000
__Ltext11                                      text11       000000
__Ltext12                                      text12       000000
__Ltext13                                      text13       000000
__Ltext14                                      text14       000000
__Ltext15                                      text15       000000
__Ltext16                                      text16       000000
__Ltext17                                      text17       000000
__Ltext18                                      text18       000000
__Ltext19                                      text19       000000
__Ltext2                                       text2        000000
__Ltext20                                      text20       000000
__Ltext21                                      text21       000000
__Ltext22                                      text22       000000
__Ltext23                                      text23       000000
__Ltext24                                      text24       000000
__Ltext25                                      text25       000000
__Ltext26                                      text26       000000
__Ltext27                                      text27       000000
__Ltext28                                      text28       000000
__Ltext29                                      text29       000000
__Ltext3                                       text3        000000
__Ltext30                                      text30       000000
__Ltext31                                      text31       000000
__Ltext32                                      text32       000000
__Ltext33                                      text33       000000
__Ltext34                                      text34       000000
__Ltext35                                      text35       000000
__Ltext36                                      text36       000000
__Ltext37                                      text37       000000
__Ltext38                                      text38       000000
__Ltext39                                      text39       000000
__Ltext4                                       text4        000000
__Ltext40                                      text40       000000
__Ltext41                                      text41       000000
__Ltext42                                      text42       000000
__Ltext43                                      text43       000000
__Ltext44                                      text44       000000
__Ltext45                                      text45       000000
__Ltext46                                      text46       000000
__Ltext47                                      text47       000000
__Ltext48                                      text48       000000
__Ltext49                                      text49       000000
__Ltext5                                       text5        000000
__Ltext50                                      text50       000000
__Ltext51                                      text51       000000
__Ltext52                                      text52       000000
__Ltext53                                      text53       000000
__Ltext54                                      text54       000000
__Ltext55                                      text55       000000
__Ltext56                                      text56       000000
__Ltext57                                      text57       000000
__Ltext58                                      text58       000000
__Ltext59                                      text59       000000
__Ltext6                                       text6        000000
__Ltext60                                      text60       000000
__Ltext61                                      text61       000000
__Ltext62                                      text62       000000
__Ltext63                                      text63       000000
__Ltext64                                      text64       000000
__Ltext65                                      text65       000000
__Ltext66                                      text66       000000
__Ltext67                                      text67       000000
__Ltext68                                      text68       000000
__Ltext69                                      text69       000000
__Ltext7                                       text7        000000
__Ltext70                                      text70       000000
__Ltext71                                      text71       000000
__Ltext72                                      text72       000000
__Ltext73                                      text73       000000
__Ltext74                                      text74       000000
__Ltext75                                      text75       000000
__Ltext76                                      text76       000000
__Ltext77                                      text77       000000
__Ltext79                                      text79       000000
__Ltext8                                       text8        000000
__Ltext80                                      text80       000000
__Ltext81                                      text81       000000
__Ltext82                                      text82       000000
__Ltext83                                      text83       000000
__Ltext84                                      text84       000000
__Ltext85                                      text85       000000
__Ltext9                                       text9        000000
__S0                                           (abs)        002552
__S1                                           (abs)        0000EE
__S4                                           (abs)        000000
__S5                                           (abs)        000000
___aodiv                                       text13       0014D0
___aodiv@counter                               cstackCOMRAM 000015
___aodiv@dividend                              cstackCOMRAM 000005
___aodiv@divisor                               cstackCOMRAM 00000D
___aodiv@quotient                              cstackCOMRAM 000017
___aodiv@sign                                  cstackCOMRAM 000016
___aomod                                       text12       001658
___aomod@counter                               cstackCOMRAM 000015
___aomod@dividend                              cstackCOMRAM 000005
___aomod@divisor                               cstackCOMRAM 00000D
___aomod@sign                                  cstackCOMRAM 000016
___heap_hi                                     (abs)        000000
___heap_lo                                     (abs)        000000
___inthi_sp                                    stack        000000
___intlo_sp                                    stack        000000
___param_bank                                  (abs)        000000
___rparam_used                                 (abs)        000001
___sp                                          stack        000000
__accesstop                                    (abs)        000060
__activetblptr                                 (abs)        000003
__end_of_AT42QT2120_Init                       text27       002508
__end_of_AT42QT2120_enableSlider               text28       002420
__end_of_AT42QT2120_sliderPosition             text25       0021F0
__end_of_EUSART_DefaultErrorHandler            text83       002520
__end_of_EUSART_DefaultFramingErrorHandler     text82       002552
__end_of_EUSART_DefaultOverrunErrorHandler     text81       00251A
__end_of_EUSART_Initialize                     text19       001D38
__end_of_EUSART_Receive_ISR                    text80       001A02
__end_of_EUSART_RxDataHandler                  text84       0022F6
__end_of_EUSART_SetErrorHandler                text24       0024BA
__end_of_EUSART_SetFramingErrorHandler         text23       0024B0
__end_of_EUSART_SetOverrunErrorHandler         text22       0024A6
__end_of_EUSART_SetRxInterruptHandler          text21       00249C
__end_of_EUSART_SetTxInterruptHandler          text20       002492
__end_of_EUSART_Transmit_ISR                   text79       0020DC
__end_of_EUSART_Write                          text10       002012
__end_of_I2C_CallbackReturnReset               text61       002534
__end_of_I2C_CallbackReturnStop                text62       002538
__end_of_I2C_Close                             text74       0022CC
__end_of_I2C_DO_ADDRESS_NACK                   text38       001F56
__end_of_I2C_DO_IDLE                           text52       002474
__end_of_I2C_DO_RCEN                           text47       002468
__end_of_I2C_DO_RESET                          text39       00245C
__end_of_I2C_DO_RX                             text48       001AA8
__end_of_I2C_DO_RX_ACK                         text42       0024DA
__end_of_I2C_DO_RX_NACK_RESTART                text40       0024CA
__end_of_I2C_DO_RX_NACK_STOP                   text41       0024D2
__end_of_I2C_DO_SEND_ADR_READ                  text51       002450
__end_of_I2C_DO_SEND_ADR_WRITE                 text50       002440
__end_of_I2C_DO_SEND_RESTART                   text44       0024EA
__end_of_I2C_DO_SEND_RESTART_READ              text46       0024FA
__end_of_I2C_DO_SEND_RESTART_WRITE             text45       0024F2
__end_of_I2C_DO_SEND_STOP                      text43       0024E2
__end_of_I2C_DO_TX                             text49       001946
__end_of_I2C_DO_TX_EMPTY                       text53       001C48
__end_of_I2C_Initialize                        text18       0023FC
__end_of_I2C_MasterClearIrq                    text77       002550
__end_of_I2C_MasterClose                       text76       00254C
__end_of_I2C_MasterDisableIrq                  text75       002548
__end_of_I2C_MasterEnableRestart               text72       002540
__end_of_I2C_MasterFsm                         text37       001E1C
__end_of_I2C_MasterGetRxData                   text58       00252C
__end_of_I2C_MasterIsNack                      text55       002410
__end_of_I2C_MasterOpen                        text32       002364
__end_of_I2C_MasterOperation                   text34       00209A
__end_of_I2C_MasterSendAck                     text57       00250E
__end_of_I2C_MasterSendNack                    text59       002514
__end_of_I2C_MasterSendTxData                  text56       002502
__end_of_I2C_MasterSetIrq                      text54       002528
__end_of_I2C_MasterStart                       text73       002544
__end_of_I2C_MasterStartRx                     text60       002530
__end_of_I2C_MasterStop                        text71       00253C
__end_of_I2C_MasterWaitForEvent                text36       002430
__end_of_I2C_MasterWrite                       text33       0024C2
__end_of_I2C_Open                              text31       001BCC
__end_of_I2C_Poller                            text35       0023A2
__end_of_I2C_Read1ByteRegister                 text26       001DAC
__end_of_I2C_SetAddressNackCallback            text30       0023BA
__end_of_I2C_SetBuffer                         text70       002342
__end_of_I2C_SetCallback                       text69       001CC2
__end_of_I2C_SetDataCompleteCallback           text68       0023D2
__end_of_I2C_Write1ByteRegister                text29       001E8A
__end_of_INTERRUPT_Initialize                  text17       002524
__end_of_INTERRUPT_InterruptManager            intcode      0000B0
__end_of_OSCILLATOR_Initialize                 text16       002488
__end_of_PIN_MANAGER_Initialize                text15       0021C2
__end_of_SYSTEM_Initialize                     text14       0023E8
__end_of___aodiv                               text13       001658
__end_of___aomod                               text12       0017BC
__end_of__initialization                       cinit        00237A
__end_of_abs                                   text11       00211C
__end_of_dtoa                                  text4        001312
__end_of_fputc                                 text8        001B3E
__end_of_fputs                                 text7        002056
__end_of_fsmStateTable                         smallconst   001021
__end_of_main                                  text0        001EF0
__end_of_pad                                   text5        001882
__end_of_printf                                text1        00231E
__end_of_putch                                 text9        00247E
__end_of_rd1RegCompleteHandler                 text66       002274
__end_of_rd2RegCompleteHandler                 text65       002248
__end_of_rdBlkRegCompleteHandler               text63       00215C
__end_of_strlen                                text6        002192
__end_of_vfpfcnvrt                             text3        0014D0
__end_of_vfprintf                              text2        001FBA
__end_of_wr1RegCompleteHandler                 text64       00221C
__end_of_wr2RegCompleteHandler                 text67       0022A0
__initialization                               cinit        002364
__mediumconst                                  mediumconst  000000
__pbssBANK0                                    bssBANK0     000060
__pbssCOMRAM                                   bssCOMRAM    000056
__pcinit                                       cinit        002364
__pcstackBANK0                                 cstackBANK0  0000D3
__pcstackCOMRAM                                cstackCOMRAM 000001
__pintcode                                     intcode      000008
__pnvBANK0                                     nvBANK0      0000E3
__psmallconst                                  smallconst   001000
__ptext0                                       text0        001E8A
__ptext1                                       text1        0022F6
__ptext10                                      text10       001FBA
__ptext11                                      text11       0020DC
__ptext12                                      text12       001658
__ptext13                                      text13       0014D0
__ptext14                                      text14       0023D2
__ptext15                                      text15       002192
__ptext16                                      text16       00247E
__ptext17                                      text17       002520
__ptext18                                      text18       0023E8
__ptext19                                      text19       001CC2
__ptext2                                       text2        001F56
__ptext20                                      text20       002488
__ptext21                                      text21       002492
__ptext22                                      text22       00249C
__ptext23                                      text23       0024A6
__ptext24                                      text24       0024B0
__ptext25                                      text25       0021C2
__ptext26                                      text26       001D38
__ptext27                                      text27       002502
__ptext28                                      text28       002410
__ptext29                                      text29       001E1C
__ptext3                                       text3        001312
__ptext30                                      text30       0023A2
__ptext31                                      text31       001B3E
__ptext32                                      text32       002342
__ptext33                                      text33       0024BA
__ptext34                                      text34       002056
__ptext35                                      text35       002384
__ptext36                                      text36       002420
__ptext37                                      text37       001DAC
__ptext38                                      text38       001EF0
__ptext39                                      text39       002450
__ptext4                                       text4        001030
__ptext40                                      text40       0024C2
__ptext41                                      text41       0024CA
__ptext42                                      text42       0024D2
__ptext43                                      text43       0024DA
__ptext44                                      text44       0024E2
__ptext45                                      text45       0024EA
__ptext46                                      text46       0024F2
__ptext47                                      text47       00245C
__ptext48                                      text48       001A02
__ptext49                                      text49       001882
__ptext5                                       text5        0017BC
__ptext50                                      text50       002430
__ptext51                                      text51       002440
__ptext52                                      text52       002468
__ptext53                                      text53       001BCC
__ptext54                                      text54       002524
__ptext55                                      text55       0023FC
__ptext56                                      text56       0024FA
__ptext57                                      text57       002508
__ptext58                                      text58       002528
__ptext59                                      text59       00250E
__ptext6                                       text6        00215C
__ptext60                                      text60       00252C
__ptext61                                      text61       002530
__ptext62                                      text62       002534
__ptext63                                      text63       00211C
__ptext64                                      text64       0021F0
__ptext65                                      text65       00221C
__ptext66                                      text66       002248
__ptext67                                      text67       002274
__ptext68                                      text68       0023BA
__ptext69                                      text69       001C48
__ptext7                                       text7        002012
__ptext70                                      text70       00231E
__ptext71                                      text71       002538
__ptext72                                      text72       00253C
__ptext73                                      text73       002540
__ptext74                                      text74       0022A0
__ptext75                                      text75       002544
__ptext76                                      text76       002548
__ptext77                                      text77       00254C
__ptext79                                      text79       00209A
__ptext8                                       text8        001AA8
__ptext80                                      text80       001946
__ptext81                                      text81       002514
__ptext82                                      text82       002550
__ptext83                                      text83       00251A
__ptext84                                      text84       0022CC
__ptext85                                      text85       000000
__ptext9                                       text9        002474
__ramtop                                       ramtop       001000
__smallconst                                   smallconst   001000
_abs                                           text11       0020DC
_dbuf                                          bssBANK0     0000B3
_dtoa                                          text4        001030
_dtoa$2046                                     cstackCOMRAM 000034
_eusartRxBuffer                                bssBANK0     000096
_eusartRxCount                                 bssCOMRAM    000056
_eusartRxHead                                  bssCOMRAM    000058
_eusartRxLastError                             bssBANK0     0000B2
_eusartRxStatusBuffer                          bssBANK0     00008E
_eusartRxTail                                  bssCOMRAM    000057
_eusartTxBuffer                                bssBANK0     00009E
_eusartTxBufferRemaining                       nvBANK0      0000ED
_eusartTxHead                                  bssCOMRAM    00005A
_eusartTxTail                                  bssCOMRAM    000059
_flags                                         bssBANK0     0000AF
_fputc                                         text8        001AA8
_fputs                                         text7        002012
_fsmStateTable                                 smallconst   001001
_main                                          text0        001E8A
_nout                                          bssBANK0     0000A9
_pad                                           text5        0017BC
_prec                                          bssBANK0     0000AD
_printf                                        text1        0022F6
_putch                                         text9        002474
_rd1RegCompleteHandler                         text66       002248
_rd2RegCompleteHandler                         text65       00221C
_rdBlkRegCompleteHandler                       text63       00211C
_readBuffer                                    bssBANK0     000084
_strlen                                        text6        00215C
_vfpfcnvrt                                     text3        001312
_vfprintf                                      text2        001F56
_width                                         bssBANK0     0000AB
_wr1RegCompleteHandler                         text64       0021F0
_wr2RegCompleteHandler                         text67       002274
_writeBuffer                                   bssBANK0     0000A6
abs@a                                          cstackCOMRAM 000017
btemp                                          temp         00005B
dtoa@d                                         cstackCOMRAM 000024
dtoa@fp                                        cstackCOMRAM 000022
dtoa@i                                         cstackCOMRAM 000044
dtoa@n                                         cstackCOMRAM 00003C
dtoa@p                                         cstackCOMRAM 000036
dtoa@s                                         cstackCOMRAM 00003A
dtoa@w                                         cstackCOMRAM 000038
end_of_initialization                          cinit        00237A
fputc@c                                        cstackCOMRAM 000007
fputc@fp                                       cstackCOMRAM 000009
fputs@c                                        cstackCOMRAM 000014
fputs@fp                                       cstackCOMRAM 000012
fputs@i                                        cstackCOMRAM 000015
fputs@s                                        cstackCOMRAM 000010
int$flags                                      temp         00005B
intlevel0                                      text         000000
intlevel1                                      text         000000
intlevel2                                      text         000000
intlevel3                                      text         000000
isa$std                                        (abs)        000001
isa$xinst                                      (abs)        000000
pad@buf                                        cstackCOMRAM 000019
pad@fp                                         cstackCOMRAM 000017
pad@i                                          cstackCOMRAM 00001E
pad@p                                          cstackCOMRAM 00001B
pad@w                                          cstackCOMRAM 000020
printf@ap                                      cstackBANK0  0000DF
printf@fmt                                     cstackBANK0  0000DB
putch@txData                                   cstackCOMRAM 000006
rd1RegCompleteHandler@ptr                      cstackCOMRAM 00000E
rd2RegCompleteHandler@ptr                      cstackCOMRAM 00000E
rdBlkRegCompleteHandler@ptr                    cstackCOMRAM 00000E
stackhi                                        (abs)        000000
stacklo                                        (abs)        000000
start                                          init         0000B0
start_initialization                           cinit        002364
strlen@a                                       cstackCOMRAM 000007
strlen@s                                       cstackCOMRAM 000005
ttemp5                                         temp         00005C
ttemp6                                         temp         00005F
ttemp7                                         temp         000063
vfpfcnvrt@ap                                   cstackCOMRAM 00004A
vfpfcnvrt@fmt                                  cstackCOMRAM 000048
vfpfcnvrt@fp                                   cstackCOMRAM 000046
vfpfcnvrt@ll                                   cstackCOMRAM 00004E
vfprintf@ap                                    cstackBANK0  0000D7
vfprintf@cfmt                                  cstackBANK0  0000D9
vfprintf@fmt                                   cstackBANK0  0000D5
vfprintf@fp                                    cstackBANK0  0000D3
wr1RegCompleteHandler@ptr                      cstackCOMRAM 00000E
wr2RegCompleteHandler@ptr                      cstackCOMRAM 00000E
wtemp8                                         temp         00005C


MODULE INFORMATION

Module		Function		Class		Link	Load	Size
C:\Program Files\Microchip\xc8\v2.35\pic\sources\c99\common\aodiv.c
		___aodiv       		CODE           	14D0	0000	392

C:\Program Files\Microchip\xc8\v2.35\pic\sources\c99\common\aodiv.c estimated size: 392

mcc_generated_files/interrupt_manager.c
		_INTERRUPT_Initialize		CODE           	2520	0000	4
		_INTERRUPT_InterruptManager		CODE           	0008	0000	168

mcc_generated_files/interrupt_manager.c estimated size: 172

mcc_generated_files/examples/i2c_master_example.c
		_wr1RegCompleteHandler		CODE           	21F0	0000	44
		_wr2RegCompleteHandler		CODE           	2274	0000	44
		_I2C_Write1ByteRegister		CODE           	1E1C	0000	110
		_I2C_Read1ByteRegister		CODE           	1D38	0000	116
		_rdBlkRegCompleteHandler		CODE           	211C	0000	64
		_rd1RegCompleteHandler		CODE           	2248	0000	44
		_rd2RegCompleteHandler		CODE           	221C	0000	44

mcc_generated_files/examples/i2c_master_example.c estimated size: 466

C:\Program Files\Microchip\xc8\v2.35\pic\sources\c99\common\nf_fputc.c
		_fputc         		CODE           	1AA8	0000	150

C:\Program Files\Microchip\xc8\v2.35\pic\sources\c99\common\nf_fputc.c estimated size: 150

mcc_generated_files/pin_manager.c
		_PIN_MANAGER_Initialize		CODE           	2192	0000	48

mcc_generated_files/pin_manager.c estimated size: 48

C:\Program Files\Microchip\xc8\v2.35\pic\sources\c99\common\printf.c
		_printf        		CODE           	22F6	0000	40

C:\Program Files\Microchip\xc8\v2.35\pic\sources\c99\common\printf.c estimated size: 40

C:\Program Files\Microchip\xc8\v2.35\pic\sources\c99\common\abs.c
		_abs           		CODE           	20DC	0000	64

C:\Program Files\Microchip\xc8\v2.35\pic\sources\c99\common\abs.c estimated size: 64

shared
		__initialization		CODE           	2364	0000	22
		_fsmStateTable 		SMALLCONST     	1001	0000	32

shared estimated size: 54

mcc_generated_files/mcc.c
		_OSCILLATOR_Initialize		CODE           	247E	0000	10
		_SYSTEM_Initialize		CODE           	23D2	0000	22

mcc_generated_files/mcc.c estimated size: 32

C:\Program Files\Microchip\xc8\v2.35\pic\sources\c99\common\strlen.c
		_strlen        		CODE           	215C	0000	54

C:\Program Files\Microchip\xc8\v2.35\pic\sources\c99\common\strlen.c estimated size: 54

at42qt2120.c
		_AT42QT2120_sliderPosition		CODE           	21C2	0000	46
		_AT42QT2120_enableSlider		CODE           	2410	0000	16
		_AT42QT2120_Init		CODE           	2502	0000	6

at42qt2120.c estimated size: 68

mcc_generated_files/i2c_master.c
		_I2C_Close     		CODE           	22A0	0000	44
		_I2C_MasterStartRx		CODE           	252C	0000	4
		_I2C_DO_SEND_ADR_WRITE		CODE           	2430	0000	16
		_I2C_MasterWaitForEvent		CODE           	2420	0000	16
		_I2C_DO_SEND_STOP		CODE           	24DA	0000	8
		_I2C_MasterSendNack		CODE           	250E	0000	6
		_I2C_MasterDisableIrq		CODE           	2544	0000	4
		_I2C_CallbackReturnStop		CODE           	2534	0000	4
		_I2C_MasterOperation		CODE           	2056	0000	68
		_I2C_DO_SEND_ADR_READ		CODE           	2440	0000	16
		_I2C_DO_RX_NACK_STOP		CODE           	24CA	0000	8
		_I2C_DO_SEND_RESTART		CODE           	24E2	0000	8
		_I2C_DO_RX     		CODE           	1A02	0000	166
		_I2C_DO_TX     		CODE           	1882	0000	196
		_I2C_DO_IDLE   		CODE           	2468	0000	12
		_I2C_DO_RCEN   		CODE           	245C	0000	12
		_I2C_Poller    		CODE           	2384	0000	30
		_I2C_DO_RESET  		CODE           	2450	0000	12
		_I2C_MasterClose		CODE           	2548	0000	4
		_I2C_MasterWrite		CODE           	24BA	0000	8
		_I2C_DO_RX_ACK 		CODE           	24D2	0000	8
		_I2C_MasterStart		CODE           	2540	0000	4
		_I2C_MasterClearIrq		CODE           	254C	0000	4
		_I2C_MasterGetRxData		CODE           	2528	0000	4
		_I2C_SetCallback		CODE           	1C48	0000	122
		_I2C_DO_ADDRESS_NACK		CODE           	1EF0	0000	102
		_I2C_MasterEnableRestart		CODE           	253C	0000	4
		_I2C_CallbackReturnReset		CODE           	2530	0000	4
		_I2C_Open      		CODE           	1B3E	0000	142
		_I2C_SetAddressNackCallback		CODE           	23A2	0000	24
		_I2C_DO_TX_EMPTY		CODE           	1BCC	0000	124
		_I2C_DO_SEND_RESTART_WRITE		CODE           	24EA	0000	8
		_I2C_MasterIsNack		CODE           	23FC	0000	20
		_I2C_SetDataCompleteCallback		CODE           	23BA	0000	24
		_I2C_DO_RX_NACK_RESTART		CODE           	24C2	0000	8
		_I2C_MasterSendAck		CODE           	2508	0000	6
		_I2C_MasterFsm 		CODE           	1DAC	0000	112
		_I2C_MasterSetIrq		CODE           	2524	0000	4
		_I2C_DO_SEND_RESTART_READ		CODE           	24F2	0000	8
		_I2C_Initialize		CODE           	23E8	0000	20
		_I2C_SetBuffer 		CODE           	231E	0000	36
		_I2C_MasterOpen		CODE           	2342	0000	34
		_I2C_MasterSendTxData		CODE           	24FA	0000	8
		_I2C_MasterStop		CODE           	2538	0000	4

mcc_generated_files/i2c_master.c estimated size: 1476

C:\Program Files\Microchip\xc8\v2.35\pic\sources\c99\common\aomod.c
		___aomod       		CODE           	1658	0000	356

C:\Program Files\Microchip\xc8\v2.35\pic\sources\c99\common\aomod.c estimated size: 356

mcc_generated_files/eusart.c
		_EUSART_SetRxInterruptHandler		CODE           	2492	0000	10
		_EUSART_SetTxInterruptHandler		CODE           	2488	0000	10
		_putch         		CODE           	2474	0000	10
		_EUSART_DefaultOverrunErrorHandler		CODE           	2514	0000	6
		_EUSART_Write  		CODE           	1FBA	0000	88
		_EUSART_DefaultErrorHandler		CODE           	251A	0000	6
		_EUSART_Transmit_ISR		CODE           	209A	0000	66
		_EUSART_Initialize		CODE           	1CC2	0000	118
		_EUSART_SetFramingErrorHandler		CODE           	24A6	0000	10
		_EUSART_SetErrorHandler		CODE           	24B0	0000	10
		_EUSART_SetOverrunErrorHandler		CODE           	249C	0000	10
		_EUSART_Receive_ISR		CODE           	1946	0000	188
		_EUSART_RxDataHandler		CODE           	22CC	0000	42
		_EUSART_DefaultFramingErrorHandler		CODE           	2550	0000	2

mcc_generated_files/eusart.c estimated size: 576

C:\Program Files\Microchip\xc8\v2.35\pic\sources\c99\common\nf_fputs.c
		_fputs         		CODE           	2012	0000	68

C:\Program Files\Microchip\xc8\v2.35\pic\sources\c99\common\nf_fputs.c estimated size: 68

main.c
		_main          		CODE           	1E8A	0000	102

main.c estimated size: 102

C:\Program Files\Microchip\xc8\v2.35\pic\sources\c99\common\doprnt.c
		_vfpfcnvrt     		CODE           	1312	0000	446
		_pad           		CODE           	17BC	0000	198
		_dtoa          		CODE           	1030	0000	738
		_vfprintf      		CODE           	1F56	0000	100

C:\Program Files\Microchip\xc8\v2.35\pic\sources\c99\common\doprnt.c estimated size: 1482

